// Jest Snapshot v1, https://goo.gl/fbAQLP

exports[`renders correctly 1`] = `
<div
  className="todo-list"
>
  <div>
    <span
      className="item-text "
    >
      1
    </span>
    <button
      onClick={[Function]}
    >
      done
    </button>
  </div>
  <div>
    <span
      className="item-text "
    >
      2
    </span>
    <button
      onClick={[Function]}
    >
      done
    </button>
  </div>
</div>
`;
